задание: 2.1.4
проект: 211-command-usb
устройство: 2e8a:000a
серийный номер: E66098F29B227B32
порт: /dev/cu.usbmodem21101
начало: 2026-09-21T00:50:51
   0.000 --> fw_info
   0.146 <-- fw_info
   0.147 <-- dbg read_line:111 got fw_info
   0.147 <-- object          address     value
   0.147 <-- main            0x10000329  0xb5f0
   0.147 <-- fw_info         0x1000069d  0x4b3b
   0.147 <-- commands        0x10007b84
   0.147 <-- - enable        0x10000281
   0.147 <-- - disable       0x100002bd
   0.148 <-- - info          0x100002f9
   0.148 <-- - version       0x10000301
   0.148 <-- - ping          0x10000309
   0.148 <-- - mem_info      0x10000319
   0.148 <-- - fw_info       0x10000321
   0.148 <-- DEVICE_PROJECT  0x100076c8  211-command-usb
   0.148 <-- DEVICE_BOARD    0x10007724  pico
   0.149 <-- data_variable   0x20000f40  105
   0.149 <-- bss_variable    0x20001f0c  5
   0.149 <-- stack_variable  0x20041f7c  1946
   0.149 <-- heap_variable   0x20002408  1951
   2.169 --> fw_info
   2.329 <-- fw_info
   2.329 <-- dbg read_line:111 got fw_info
   2.330 <-- object          address     value
   2.330 <-- main            0x10000329  0xb5f0
   2.331 <-- fw_info         0x1000069d  0x4b3b
   2.331 <-- commands        0x10007b84
   2.331 <-- - enable        0x10000281
   2.332 <-- - disable       0x100002bd
   2.332 <-- - info          0x100002f9
   2.332 <-- - version       0x10000301
   2.332 <-- - ping          0x10000309
   2.332 <-- - mem_info      0x10000319
   2.333 <-- - fw_info       0x10000321
   2.333 <-- DEVICE_PROJECT  0x100076c8  211-command-usb
   2.333 <-- DEVICE_BOARD    0x10007724  pico
   2.333 <-- data_variable   0x20000f40  106
   2.334 <-- bss_variable    0x20001f0c  6
   2.334 <-- stack_variable  0x20041f7c  1946
   2.334 <-- heap_variable   0x20002408  1951
   4.350 --> fw_info
   4.491 <-- fw_info
   4.491 <-- dbg read_line:111 got fw_info
   4.491 <-- object          address     value
   4.492 <-- main            0x10000329  0xb5f0
   4.492 <-- fw_info         0x1000069d  0x4b3b
   4.492 <-- commands        0x10007b84
   4.493 <-- - enable        0x10000281
   4.493 <-- - disable       0x100002bd
   4.493 <-- - info          0x100002f9
   4.493 <-- - version       0x10000301
   4.494 <-- - ping          0x10000309
   4.494 <-- - mem_info      0x10000319
   4.494 <-- - fw_info       0x10000321
   4.494 <-- DEVICE_PROJECT  0x100076c8  211-command-usb
   4.494 <-- DEVICE_BOARD    0x10007724  pico
   4.495 <-- data_variable   0x20000f40  107
   4.495 <-- bss_variable    0x20001f0c  7
   4.495 <-- stack_variable  0x20041f7c  1946
   4.495 <-- heap_variable   0x20002408  1951
итог: отправлено команд 3, принято строк 57
