задание: 2.1.3
проект: 211-command-usb
устройство: 2e8a:000a
серийный номер: E66098F29B227B32
порт: /dev/cu.usbmodem21101
начало: 2026-09-21T00:40:35
   0.000 --> mem_info
   0.174 <-- mem_info
   0.174 <-- dbg read_line:111 got mem_info
   0.175 <-- area       start      end        size
   0.175 <-- flash      0x10000000 0x10200000  2097152
   0.175 <-- sram       0x20000000 0x20042000   270336
   0.175 <-- rom        0x00000000 0x00004000    16384
   0.175 <-- image      0x10000000 0x100095ec    38380
   0.175 <-- free       0x100095ec 0x10200000  2058772
   0.175 <-- boot2      0x10000000 0x10000100      256
   0.176 <-- text       0x10000100 0x10008064    32612
   0.176 <-- data flash 0x10008064 0x100095ec     5512
   0.176 <-- data ram   0x200000c0 0x20001648     5512
   0.176 <-- bss        0x20001648 0x20002400     3512
   0.176 <-- heap       0x20002400 0x20040000   252928
   0.176 <-- stack      0x20041800 0x20042000     2048
   0.176 <-- total
   0.176 <-- flash image    38380 = boot2 256 + text 32612 + data 5512
   0.176 <-- flash free   2058772 of 2097152
   0.177 <-- ram used        9024 = data 5512 + bss 3512
   0.177 <-- ram free      252928 for heap and 2048 for stack
итог: отправлено команд 1, принято строк 20
